[2026-03-09T17:57:38.240Z] [INFO] [auth] Sending verification email to: jolivichel@free.fr
[2026-03-09T17:57:38.815Z] [INFO] [auth] Verification email sent successfully, id: 7c7d3b37-a356-451f-b8fd-234d8d8d3f87
[2026-03-09T18:07:37.030Z] [INFO] [auth] Sending verification email to: jjjj@free.fr
[2026-03-09T18:07:37.312Z] [INFO] [auth] Verification email sent successfully, id: 01370dfe-618c-4a9c-8511-4af347fd9567
[2026-03-09T18:18:42.876Z] [INFO] [auth] Sending verification email to: mmmm@free.fr
[2026-03-09T18:18:43.416Z] [INFO] [auth] Verification email sent successfully, id: 39663f70-055c-43c3-a755-8860fdc358b9
[2026-03-09T18:27:23.792Z] [INFO] [auth] Sending verification email to: kkkk@free.fr
[2026-03-09T18:27:24.066Z] [INFO] [auth] Verification email sent successfully, id: 8e2047a8-1253-45d4-a785-11ca6924972d
[2026-03-10T06:08:33.198Z] [ERROR] [alerts] Error checking alerts — fetch failed
TypeError: fetch failed
    at node:internal/deps/undici/undici:14902:13
    at process.processTicksAndRejections (node:internal/process/task_queues:95:5)
    at async /home/eloise/iaco/.next/server/chunks/[root-of-the-server]__4061c0c2._.js:1206:29
    at async Promise.all (index 0)
    at async checkAndTriggerAlerts (/home/eloise/iaco/.next/server/chunks/[root-of-the-server]__4061c0c2._.js:1210:29)
    at async GET (/home/eloise/iaco/.next/server/chunks/[root-of-the-server]__4061c0c2._.js:1291:9)
    at async AppRouteRouteModule.do (/home/eloise/iaco/node_modules/.pnpm/next@15.5.11_@opentelemetry+api@1.9.0_react-dom@19.1.0_react@19.1.0__react@19.1.0/node_modules/next/dist/compiled/next-server/app-route-turbo.runtime.dev.js:5:38696)
    at async AppRouteRouteModule.handle (/home/eloise/iaco/node_modules/.pnpm/next@15.5.11_@opentelemetry+api@1.9.0_react-dom@19.1.0_react@19.1.0__react@19.1.0/node_modules/next/dist/compiled/next-server/app-route-turbo.runtime.dev.js:5:45978)
    at async responseGenerator (/home/eloise/iaco/.next/server/chunks/a67e7_next_97aa0375._.js:21369:38)
    at async AppRouteRouteModule.handleResponse (/home/eloise/iaco/node_modules/.pnpm/next@15.5.11_@opentelemetry+api@1.9.0_react-dom@19.1.0_react@19.1.0__react@19.1.0/node_modules/next/dist/compiled/next-server/app-route-turbo.runtime.dev.js:1:195257)
    at async handleResponse (/home/eloise/iaco/.next/server/chunks/a67e7_next_97aa0375._.js:21431:32)
    at async handler (/home/eloise/iaco/.next/server/chunks/a67e7_next_97aa0375._.js:21483:13)
    at async DevServer.renderToResponseWithComponentsImpl (/home/eloise/iaco/node_modules/.pnpm/next@15.5.11_@opentelemetry+api@1.9.0_react-dom@19.1.0_react@19.1.0__react@19.1.0/node_modules/next/dist/server/base-server.js:1422:9)
    at async DevServer.renderPageComponent (/home/eloise/iaco/node_modules/.pnpm/next@15.5.11_@opentelemetry+api@1.9.0_react-dom@19.1.0_react@19.1.0__react@19.1.0/node_modules/next/dist/server/base-server.js:1474:24)
    at async DevServer.renderToResponseImpl (/home/eloise/iaco/node_modules/.pnpm/next@15.5.11_@opentelemetry+api@1.9.0_react-dom@19.1.0_react@19.1.0__react@19.1.0/node_modules/next/dist/server/base-server.js:1514:32)
    at async DevServer.pipeImpl (/home/eloise/iaco/node_modules/.pnpm/next@15.5.11_@opentelemetry+api@1.9.0_react-dom@19.1.0_react@19.1.0__react@19.1.0/node_modules/next/dist/server/base-server.js:1025:25)
    at async NextNodeServer.handleCatchallRenderRequest (/home/eloise/iaco/node_modules/.pnpm/next@15.5.11_@opentelemetry+api@1.9.0_react-dom@19.1.0_react@19.1.0__react@19.1.0/node_modules/next/dist/server/next-server.js:393:17)
    at async DevServer.handleRequestImpl (/home/eloise/iaco/node_modules/.pnpm/next@15.5.11_@opentelemetry+api@1.9.0_react-dom@19.1.0_react@19.1.0__react@19.1.0/node_modules/next/dist/server/base-server.js:916:17)
    at async /home/eloise/iaco/node_modules/.pnpm/next@15.5.11_@opentelemetry+api@1.9.0_react-dom@19.1.0_react@19.1.0__react@19.1.0/node_modules/next/dist/server/dev/next-dev-server.js:400:20
    at async Span.traceAsyncFn (/home/eloise/iaco/node_modules/.pnpm/next@15.5.11_@opentelemetry+api@1.9.0_react-dom@19.1.0_react@19.1.0__react@19.1.0/node_modules/next/dist/trace/trace.js:157:20)
    at async DevServer.handleRequest (/home/eloise/iaco/node_modules/.pnpm/next@15.5.11_@opentelemetry+api@1.9.0_react-dom@19.1.0_react@19.1.0__react@19.1.0/node_modules/next/dist/server/dev/next-dev-server.js:396:24)
    at async invokeRender (/home/eloise/iaco/node_modules/.pnpm/next@15.5.11_@opentelemetry+api@1.9.0_react-dom@19.1.0_react@19.1.0__react@19.1.0/node_modules/next/dist/server/lib/router-server.js:240:21)
    at async handleRequest (/home/eloise/iaco/node_modules/.pnpm/next@15.5.11_@opentelemetry+api@1.9.0_react-dom@19.1.0_react@19.1.0__react@19.1.0/node_modules/next/dist/server/lib/router-server.js:437:24)
    at async requestHandlerImpl (/home/eloise/iaco/node_modules/.pnpm/next@15.5.11_@opentelemetry+api@1.9.0_react-dom@19.1.0_react@19.1.0__react@19.1.0/node_modules/next/dist/server/lib/router-server.js:485:13)
    at async Server.requestListener (/home/eloise/iaco/node_modules/.pnpm/next@15.5.11_@opentelemetry+api@1.9.0_react-dom@19.1.0_react@19.1.0__react@19.1.0/node_modules/next/dist/server/lib/start-server.js:226:13)
[2026-03-10T06:08:43.212Z] [ERROR] [alerts] Error checking alerts — fetch failed
TypeError: fetch failed
    at node:internal/deps/undici/undici:14902:13
    at process.processTicksAndRejections (node:internal/process/task_queues:95:5)
    at async /home/eloise/iaco/.next/server/chunks/[root-of-the-server]__4061c0c2._.js:1206:29
    at async Promise.all (index 1)
    at async checkAndTriggerAlerts (/home/eloise/iaco/.next/server/chunks/[root-of-the-server]__4061c0c2._.js:1210:29)
    at async GET (/home/eloise/iaco/.next/server/chunks/[root-of-the-server]__4061c0c2._.js:1291:9)
    at async AppRouteRouteModule.do (/home/eloise/iaco/node_modules/.pnpm/next@15.5.11_@opentelemetry+api@1.9.0_react-dom@19.1.0_react@19.1.0__react@19.1.0/node_modules/next/dist/compiled/next-server/app-route-turbo.runtime.dev.js:5:38696)
    at async AppRouteRouteModule.handle (/home/eloise/iaco/node_modules/.pnpm/next@15.5.11_@opentelemetry+api@1.9.0_react-dom@19.1.0_react@19.1.0__react@19.1.0/node_modules/next/dist/compiled/next-server/app-route-turbo.runtime.dev.js:5:45978)
    at async responseGenerator (/home/eloise/iaco/.next/server/chunks/a67e7_next_97aa0375._.js:21369:38)
    at async AppRouteRouteModule.handleResponse (/home/eloise/iaco/node_modules/.pnpm/next@15.5.11_@opentelemetry+api@1.9.0_react-dom@19.1.0_react@19.1.0__react@19.1.0/node_modules/next/dist/compiled/next-server/app-route-turbo.runtime.dev.js:1:195257)
    at async handleResponse (/home/eloise/iaco/.next/server/chunks/a67e7_next_97aa0375._.js:21431:32)
    at async handler (/home/eloise/iaco/.next/server/chunks/a67e7_next_97aa0375._.js:21483:13)
    at async DevServer.renderToResponseWithComponentsImpl (/home/eloise/iaco/node_modules/.pnpm/next@15.5.11_@opentelemetry+api@1.9.0_react-dom@19.1.0_react@19.1.0__react@19.1.0/node_modules/next/dist/server/base-server.js:1422:9)
    at async DevServer.renderPageComponent (/home/eloise/iaco/node_modules/.pnpm/next@15.5.11_@opentelemetry+api@1.9.0_react-dom@19.1.0_react@19.1.0__react@19.1.0/node_modules/next/dist/server/base-server.js:1474:24)
    at async DevServer.renderToResponseImpl (/home/eloise/iaco/node_modules/.pnpm/next@15.5.11_@opentelemetry+api@1.9.0_react-dom@19.1.0_react@19.1.0__react@19.1.0/node_modules/next/dist/server/base-server.js:1514:32)
    at async DevServer.pipeImpl (/home/eloise/iaco/node_modules/.pnpm/next@15.5.11_@opentelemetry+api@1.9.0_react-dom@19.1.0_react@19.1.0__react@19.1.0/node_modules/next/dist/server/base-server.js:1025:25)
    at async NextNodeServer.handleCatchallRenderRequest (/home/eloise/iaco/node_modules/.pnpm/next@15.5.11_@opentelemetry+api@1.9.0_react-dom@19.1.0_react@19.1.0__react@19.1.0/node_modules/next/dist/server/next-server.js:393:17)
    at async DevServer.handleRequestImpl (/home/eloise/iaco/node_modules/.pnpm/next@15.5.11_@opentelemetry+api@1.9.0_react-dom@19.1.0_react@19.1.0__react@19.1.0/node_modules/next/dist/server/base-server.js:916:17)
    at async /home/eloise/iaco/node_modules/.pnpm/next@15.5.11_@opentelemetry+api@1.9.0_react-dom@19.1.0_react@19.1.0__react@19.1.0/node_modules/next/dist/server/dev/next-dev-server.js:400:20
    at async Span.traceAsyncFn (/home/eloise/iaco/node_modules/.pnpm/next@15.5.11_@opentelemetry+api@1.9.0_react-dom@19.1.0_react@19.1.0__react@19.1.0/node_modules/next/dist/trace/trace.js:157:20)
    at async DevServer.handleRequest (/home/eloise/iaco/node_modules/.pnpm/next@15.5.11_@opentelemetry+api@1.9.0_react-dom@19.1.0_react@19.1.0__react@19.1.0/node_modules/next/dist/server/dev/next-dev-server.js:396:24)
    at async invokeRender (/home/eloise/iaco/node_modules/.pnpm/next@15.5.11_@opentelemetry+api@1.9.0_react-dom@19.1.0_react@19.1.0__react@19.1.0/node_modules/next/dist/server/lib/router-server.js:240:21)
    at async handleRequest (/home/eloise/iaco/node_modules/.pnpm/next@15.5.11_@opentelemetry+api@1.9.0_react-dom@19.1.0_react@19.1.0__react@19.1.0/node_modules/next/dist/server/lib/router-server.js:437:24)
    at async requestHandlerImpl (/home/eloise/iaco/node_modules/.pnpm/next@15.5.11_@opentelemetry+api@1.9.0_react-dom@19.1.0_react@19.1.0__react@19.1.0/node_modules/next/dist/server/lib/router-server.js:485:13)
    at async Server.requestListener (/home/eloise/iaco/node_modules/.pnpm/next@15.5.11_@opentelemetry+api@1.9.0_react-dom@19.1.0_react@19.1.0__react@19.1.0/node_modules/next/dist/server/lib/start-server.js:226:13)
[2026-03-10T06:08:53.789Z] [ERROR] [alerts] Error checking alerts — fetch failed
TypeError: fetch failed
    at node:internal/deps/undici/undici:14902:13
    at process.processTicksAndRejections (node:internal/process/task_queues:95:5)
    at async /home/eloise/iaco/.next/server/chunks/[root-of-the-server]__4061c0c2._.js:1206:29
    at async Promise.all (index 0)
    at async checkAndTriggerAlerts (/home/eloise/iaco/.next/server/chunks/[root-of-the-server]__4061c0c2._.js:1210:29)
    at async GET (/home/eloise/iaco/.next/server/chunks/[root-of-the-server]__4061c0c2._.js:1291:9)
    at async AppRouteRouteModule.do (/home/eloise/iaco/node_modules/.pnpm/next@15.5.11_@opentelemetry+api@1.9.0_react-dom@19.1.0_react@19.1.0__react@19.1.0/node_modules/next/dist/compiled/next-server/app-route-turbo.runtime.dev.js:5:38696)
    at async AppRouteRouteModule.handle (/home/eloise/iaco/node_modules/.pnpm/next@15.5.11_@opentelemetry+api@1.9.0_react-dom@19.1.0_react@19.1.0__react@19.1.0/node_modules/next/dist/compiled/next-server/app-route-turbo.runtime.dev.js:5:45978)
    at async responseGenerator (/home/eloise/iaco/.next/server/chunks/a67e7_next_97aa0375._.js:21369:38)
    at async AppRouteRouteModule.handleResponse (/home/eloise/iaco/node_modules/.pnpm/next@15.5.11_@opentelemetry+api@1.9.0_react-dom@19.1.0_react@19.1.0__react@19.1.0/node_modules/next/dist/compiled/next-server/app-route-turbo.runtime.dev.js:1:195257)
    at async handleResponse (/home/eloise/iaco/.next/server/chunks/a67e7_next_97aa0375._.js:21431:32)
    at async handler (/home/eloise/iaco/.next/server/chunks/a67e7_next_97aa0375._.js:21483:13)
    at async DevServer.renderToResponseWithComponentsImpl (/home/eloise/iaco/node_modules/.pnpm/next@15.5.11_@opentelemetry+api@1.9.0_react-dom@19.1.0_react@19.1.0__react@19.1.0/node_modules/next/dist/server/base-server.js:1422:9)
    at async DevServer.renderPageComponent (/home/eloise/iaco/node_modules/.pnpm/next@15.5.11_@opentelemetry+api@1.9.0_react-dom@19.1.0_react@19.1.0__react@19.1.0/node_modules/next/dist/server/base-server.js:1474:24)
    at async DevServer.renderToResponseImpl (/home/eloise/iaco/node_modules/.pnpm/next@15.5.11_@opentelemetry+api@1.9.0_react-dom@19.1.0_react@19.1.0__react@19.1.0/node_modules/next/dist/server/base-server.js:1514:32)
    at async DevServer.pipeImpl (/home/eloise/iaco/node_modules/.pnpm/next@15.5.11_@opentelemetry+api@1.9.0_react-dom@19.1.0_react@19.1.0__react@19.1.0/node_modules/next/dist/server/base-server.js:1025:25)
    at async NextNodeServer.handleCatchallRenderRequest (/home/eloise/iaco/node_modules/.pnpm/next@15.5.11_@opentelemetry+api@1.9.0_react-dom@19.1.0_react@19.1.0__react@19.1.0/node_modules/next/dist/server/next-server.js:393:17)
    at async DevServer.handleRequestImpl (/home/eloise/iaco/node_modules/.pnpm/next@15.5.11_@opentelemetry+api@1.9.0_react-dom@19.1.0_react@19.1.0__react@19.1.0/node_modules/next/dist/server/base-server.js:916:17)
    at async /home/eloise/iaco/node_modules/.pnpm/next@15.5.11_@opentelemetry+api@1.9.0_react-dom@19.1.0_react@19.1.0__react@19.1.0/node_modules/next/dist/server/dev/next-dev-server.js:400:20
    at async Span.traceAsyncFn (/home/eloise/iaco/node_modules/.pnpm/next@15.5.11_@opentelemetry+api@1.9.0_react-dom@19.1.0_react@19.1.0__react@19.1.0/node_modules/next/dist/trace/trace.js:157:20)
    at async DevServer.handleRequest (/home/eloise/iaco/node_modules/.pnpm/next@15.5.11_@opentelemetry+api@1.9.0_react-dom@19.1.0_react@19.1.0__react@19.1.0/node_modules/next/dist/server/dev/next-dev-server.js:396:24)
    at async invokeRender (/home/eloise/iaco/node_modules/.pnpm/next@15.5.11_@opentelemetry+api@1.9.0_react-dom@19.1.0_react@19.1.0__react@19.1.0/node_modules/next/dist/server/lib/router-server.js:240:21)
    at async handleRequest (/home/eloise/iaco/node_modules/.pnpm/next@15.5.11_@opentelemetry+api@1.9.0_react-dom@19.1.0_react@19.1.0__react@19.1.0/node_modules/next/dist/server/lib/router-server.js:437:24)
    at async requestHandlerImpl (/home/eloise/iaco/node_modules/.pnpm/next@15.5.11_@opentelemetry+api@1.9.0_react-dom@19.1.0_react@19.1.0__react@19.1.0/node_modules/next/dist/server/lib/router-server.js:485:13)
    at async Server.requestListener (/home/eloise/iaco/node_modules/.pnpm/next@15.5.11_@opentelemetry+api@1.9.0_react-dom@19.1.0_react@19.1.0__react@19.1.0/node_modules/next/dist/server/lib/start-server.js:226:13)
[2026-03-10T06:38:28.517Z] [INFO] [auth] Sending verification email to: aqw@free.fr
[2026-03-10T06:38:28.846Z] [INFO] [auth] Verification email sent successfully, id: af2571f4-c545-4f75-b08c-735caeabd918
[2026-03-10T16:02:59.028Z] [INFO] [auth] Sending verification email to: aze@free.fr
[2026-03-10T16:02:59.472Z] [INFO] [auth] Verification email sent successfully, id: b3feb165-c327-4538-acd1-ec3f7c7dc96e
[2026-03-10T16:10:08.738Z] [INFO] [auth] Sending verification email to: azqs@free.fr
[2026-03-10T16:10:09.126Z] [INFO] [auth] Verification email sent successfully, id: 46cd2cde-897d-4c13-8942-3c1223c20220
